// Jest Snapshot v1, https://goo.gl/fbAQLP

exports[`ChannelList component renders ChannelList 1`] = `
<WithStyles(ForwardRef(Drawer))
  className="makeStyles-drawer-2"
  classes={
    Object {
      "paper": "makeStyles-drawerPaper-3",
    }
  }
  variant="permanent"
>
  <div
    className="makeStyles-toolbar-4"
  />
  Channels
  <WithStyles(ForwardRef(List)) />
</WithStyles(ForwardRef(Drawer))>
`;
