// Jest Snapshot v1, https://goo.gl/fbAQLP

exports[`App component renders App 1`] = `
<BrowserRouter>
  <Header />
  <Navigation />
  <Switch>
    <Route
      component={[Function]}
      path="/Register"
    />
    <Route
      component={[Function]}
      path="/landing"
    />
    <Route
      component={[Function]}
      path="/"
    />
  </Switch>
</BrowserRouter>
`;
