// Jest Snapshot v1, https://goo.gl/fbAQLP

exports[`Header component renders Header 1`] = `
<WithStyles(ForwardRef(AppBar))
  className="makeStyles-appBar-1"
>
  <WithStyles(ForwardRef(Toolbar))>
    <WithStyles(ForwardRef(Typography))
      className="makeStyles-title-2"
      variant="h6"
    >
      Jabberish
    </WithStyles(ForwardRef(Typography))>
    <Navigation />
  </WithStyles(ForwardRef(Toolbar))>
</WithStyles(ForwardRef(AppBar))>
`;
