// Jest Snapshot v1, https://goo.gl/fbAQLP

exports[`Header component renders Header 1`] = `
<WithStyles(ForwardRef(AppBar))
  className="Header"
  position="sticky"
>
  <WithStyles(ForwardRef(Toolbar))>
    <WithStyles(ForwardRef(IconButton))
      aria-lable="menu"
      color="inherit"
      edge="start"
    >
      <MenuIcon />
    </WithStyles(ForwardRef(IconButton))>
    <WithStyles(ForwardRef(Typography))
      className="Title"
      variant="h6"
    >
      Jabberish
    </WithStyles(ForwardRef(Typography))>
    <Navigation />
  </WithStyles(ForwardRef(Toolbar))>
</WithStyles(ForwardRef(AppBar))>
`;
