// Jest Snapshot v1, https://goo.gl/fbAQLP

exports[`Navigation component renders Navigation 1`] = `
<nav
  className="Navigation"
>
  <WithStyles(ForwardRef(Button))
    color="inherit"
  >
    <Link
      className="Link"
      to="/"
    >
      Home
    </Link>
  </WithStyles(ForwardRef(Button))>
  <WithStyles(ForwardRef(Button))
    color="inherit"
  >
    <Link
      className="Link"
      to="/register"
    >
      Register
    </Link>
  </WithStyles(ForwardRef(Button))>
  <WithStyles(ForwardRef(Button))
    color="inherit"
  >
    <Link
      className="Link"
      to="/login"
    >
      Login
    </Link>
  </WithStyles(ForwardRef(Button))>
</nav>
`;
