// Jest Snapshot v1, https://goo.gl/fbAQLP

exports[`Navigation component renders Navigation 1`] = `
<nav
  className="Navigation"
>
  <Link
    className="Link"
    to="/"
  >
    Home
  </Link>
  <Link
    className="Link"
    to="/register"
  >
    Register
  </Link>
  <Link
    className="Link"
    to="/login"
  >
    Login
  </Link>
</nav>
`;
