// Jest Snapshot v1, https://goo.gl/fbAQLP

exports[`RegisterForm component renders RegisterForm 1`] = `
<form
  id="register-form"
>
  <label>
    username:
    <input
      id="username"
      name="username"
      required={true}
    />
  </label>
  <label>
    Password:
    <input
      id="password"
      name="password"
      required={true}
      type="password"
    />
  </label>
  <button>
    Submit
  </button>
</form>
`;
